<?xml version="1.0" encoding="utf-8"?>
<testsuite errors="0" failures="0" name="pytest" skips="0" tests="1" time="1.155">
<testcase classname="test_do.tavern.yaml" file="test_do.tavern.yaml" line="0" name="Starwars API Status" time="1.1349120140075684">
</testcase>
</testsuite>